Traceback (most recent call last):
  File "D:\multi\test_domain_expert.py", line 76, in <module>
    tester = DomainExpertTester()
             ^^^^^^^^^^^^^^^^^^^^
  File "D:\multi\test_domain_expert.py", line 16, in __init__
    print(f"\U0001f538 Initializing Domain Expert on {DEVICE}...")
  File "C:\Program Files\Python312\Lib\encodings\cp1252.py", line 19, in encode
    return codecs.charmap_encode(input,self.errors,encoding_table)[0]
           ^^^^^^^^^^^^^^^^^^^^^^^^^^^^^^^^^^^^^^^^^^^^^^^^^^^^^^^
UnicodeEncodeError: 'charmap' codec can't encode character '\U0001f538' in position 0: character maps to <undefined>
